[INFO]    [runSofa] PluginRepository paths = /ssd/ryanm/sofa/sofa/build/lib:/ssd/ryanm/sofa/sofa/build/plugins
[INFO]    [runSofa] DataRepository paths = /ssd/ryanm/sofa/sofa/src/share:/ssd/ryanm/sofa/sofa/src/examples:/ssd/ryanm/sofa/sofa/build:/ssd/ryanm/sofa/sofa/build:/ssd/ryanm/sofa/sofa/build
[INFO]    [runSofa] runSofaDataRepository paths = /ssd/ryanm/sofa/sofa/src/applications/projects/runSofa/resources:/ssd/ryanm/sofa/sofa/build
[INFO]    [GUIManager] Registered batch as a GUI.
[INFO]    [SofaPython3] Initializing with python version 3.12.3 (main, Aug 31 2026, 10:18:26) [GCC 13.3.0]
[INFO]    [SofaPython3] Registering a scene loader for [.py, .py3, .pyscn, .py3scn] files.
[INFO]    [SofaPython3] Initializing python
<string>:2: DeprecationWarning: scipy.misc is deprecated and will be removed in 2.0.0
[INFO]    [SofaPython3] Added '/ssd/ryanm/sofa/sofa/build/external_directories/fetched/BeamAdapter/examples/python3' to sys.path
[INFO]    [SofaPython3] Added '/ssd/ryanm/sofa/sofa/build/external_directories/fetched/Cosserat/examples/python3/' to sys.path
[INFO]    [SofaPython3] Added '/ssd/ryanm/sofa/sofa/build/lib/python3/site-packages' to sys.path
---------------------------------------
Checking SOFA_ROOT and SOFAPYTHON3_ROOT
Using environment variable SOFA_ROOT: /ssd/ryanm/sofa/sofa/build
---------------------------------------
[INFO]    [PluginManager] Loaded plugin: /ssd/ryanm/sofa/sofa/build/lib/libSofaPython3.so
[INFO]    [PluginManager] Loaded plugin: /ssd/ryanm/sofa/sofa/build/lib/libSofaAssimp.so
[INFO]    [PluginManager] Loaded plugin: /ssd/ryanm/sofa/sofa/build/lib/libArticulatedSystemPlugin.so
[INFO]    [runSofa] Loading automatically plugin list in /ssd/ryanm/sofa/sofa/build/lib/plugin_list.conf
[INFO]    [PluginManager] Loaded plugin: /ssd/ryanm/sofa/sofa/build/lib/libSofa.Component.ODESolver.Forward.so
[INFO]    [PluginManager] Loaded plugin: /ssd/ryanm/sofa/sofa/build/lib/libSofa.Component.ODESolver.Backward.so
[INFO]    [PluginManager] Loaded plugin: /ssd/ryanm/sofa/sofa/build/lib/libSofa.Component.ODESolver.so
[INFO]    [PluginManager] Loaded plugin: /ssd/ryanm/sofa/sofa/build/lib/libSofa.Component.IO.Mesh.so
[INFO]    [PluginManager] Loaded plugin: /ssd/ryanm/sofa/sofa/build/lib/libSofa.Component.IO.so
[INFO]    [PluginManager] Loaded plugin: /ssd/ryanm/sofa/sofa/build/lib/libSofa.Component.Playback.so
[INFO]    [PluginManager] Loaded plugin: /ssd/ryanm/sofa/sofa/build/lib/libSofa.Component.SceneUtility.so
[INFO]    [PluginManager] Loaded plugin: /ssd/ryanm/sofa/sofa/build/lib/libSofa.Component.Topology.Container.Constant.so
[INFO]    [PluginManager] Loaded plugin: /ssd/ryanm/sofa/sofa/build/lib/libSofa.Component.Topology.Container.Dynamic.so
[INFO]    [PluginManager] Loaded plugin: /ssd/ryanm/sofa/sofa/build/lib/libSofa.Component.Topology.Container.Grid.so
[INFO]    [PluginManager] Loaded plugin: /ssd/ryanm/sofa/sofa/build/lib/libSofa.Component.Topology.Container.so
[INFO]    [PluginManager] Loaded plugin: /ssd/ryanm/sofa/sofa/build/lib/libSofa.Component.Topology.Mapping.so
[INFO]    [PluginManager] Loaded plugin: /ssd/ryanm/sofa/sofa/build/lib/libSofa.Component.Topology.Utility.so
[INFO]    [PluginManager] Loaded plugin: /ssd/ryanm/sofa/sofa/build/lib/libSofa.Component.Topology.so
[INFO]    [PluginManager] Loaded plugin: /ssd/ryanm/sofa/sofa/build/lib/libSofa.Component.Visual.so
[INFO]    [PluginManager] Loaded plugin: /ssd/ryanm/sofa/sofa/build/lib/libSofa.Component.LinearSystem.so
[INFO]    [PluginManager] Loaded plugin: /ssd/ryanm/sofa/sofa/build/lib/libSofa.Component.LinearSolver.Iterative.so
[INFO]    [PluginManager] Loaded plugin: /ssd/ryanm/sofa/sofa/build/lib/libSofa.Component.LinearSolver.Ordering.so
[INFO]    [PluginManager] Loaded plugin: /ssd/ryanm/sofa/sofa/build/lib/libSofa.Component.LinearSolver.Direct.so
[INFO]    [PluginManager] Loaded plugin: /ssd/ryanm/sofa/sofa/build/lib/libSofa.Component.LinearSolver.Preconditioner.so
[INFO]    [PluginManager] Loaded plugin: /ssd/ryanm/sofa/sofa/build/lib/libSofa.Component.LinearSolver.so
[INFO]    [PluginManager] Loaded plugin: /ssd/ryanm/sofa/sofa/build/lib/libSofa.Component.Mass.so
[INFO]    [PluginManager] Loaded plugin: /ssd/ryanm/sofa/sofa/build/lib/libSofa.Component.Diffusion.so
[INFO]    [PluginManager] Loaded plugin: /ssd/ryanm/sofa/sofa/build/lib/libSofa.Component.Mapping.Linear.so
[INFO]    [PluginManager] Loaded plugin: /ssd/ryanm/sofa/sofa/build/lib/libSofa.Component.Mapping.NonLinear.so
[DEPRECATED] [Sofa.Component.Mapping.MappedMatrix] This plugin is deprecated and will be removed in the future.
[INFO]    [PluginManager] Loaded plugin: /ssd/ryanm/sofa/sofa/build/lib/libSofa.Component.Mapping.MappedMatrix.so
[INFO]    [PluginManager] Loaded plugin: /ssd/ryanm/sofa/sofa/build/lib/libSofa.Component.Mapping.so
[INFO]    [PluginManager] Loaded plugin: /ssd/ryanm/sofa/sofa/build/lib/libSofa.Component.StateContainer.so
[INFO]    [PluginManager] Loaded plugin: /ssd/ryanm/sofa/sofa/build/lib/libSofa.Component.SolidMechanics.Spring.so
[INFO]    [PluginManager] Loaded plugin: /ssd/ryanm/sofa/sofa/build/lib/libSofa.Component.SolidMechanics.FEM.Elastic.so
[INFO]    [PluginManager] Loaded plugin: /ssd/ryanm/sofa/sofa/build/lib/libSofa.Component.SolidMechanics.FEM.HyperElastic.so
[INFO]    [PluginManager] Loaded plugin: /ssd/ryanm/sofa/sofa/build/lib/libSofa.Component.SolidMechanics.FEM.NonUniform.so
[INFO]    [PluginManager] Loaded plugin: /ssd/ryanm/sofa/sofa/build/lib/libSofa.Component.SolidMechanics.FEM.so
[INFO]    [PluginManager] Loaded plugin: /ssd/ryanm/sofa/sofa/build/lib/libSofa.Component.SolidMechanics.TensorMass.so
[INFO]    [PluginManager] Loaded plugin: /ssd/ryanm/sofa/sofa/build/lib/libSofa.Component.SolidMechanics.so
[INFO]    [PluginManager] Loaded plugin: /ssd/ryanm/sofa/sofa/build/lib/libSofa.Component.Constraint.Lagrangian.Model.so
[INFO]    [PluginManager] Loaded plugin: /ssd/ryanm/sofa/sofa/build/lib/libSofa.Component.Constraint.Lagrangian.Correction.so
[INFO]    [PluginManager] Loaded plugin: /ssd/ryanm/sofa/sofa/build/lib/libSofa.Component.Constraint.Lagrangian.Solver.so
[INFO]    [PluginManager] Loaded plugin: /ssd/ryanm/sofa/sofa/build/lib/libSofa.Component.Constraint.Lagrangian.so
[INFO]    [PluginManager] Loaded plugin: /ssd/ryanm/sofa/sofa/build/lib/libSofa.Component.Constraint.Projective.so
[INFO]    [PluginManager] Loaded plugin: /ssd/ryanm/sofa/sofa/build/lib/libSofa.Component.Constraint.so
[INFO]    [PluginManager] Loaded plugin: /ssd/ryanm/sofa/sofa/build/lib/libSofa.Component.AnimationLoop.so
[INFO]    [PluginManager] Loaded plugin: /ssd/ryanm/sofa/sofa/build/lib/libSofa.Component.MechanicalLoad.so
[INFO]    [PluginManager] Loaded plugin: /ssd/ryanm/sofa/sofa/build/lib/libSofa.Component.Collision.Geometry.so
[INFO]    [PluginManager] Loaded plugin: /ssd/ryanm/sofa/sofa/build/lib/libSofa.Component.Collision.Detection.Algorithm.so
[INFO]    [PluginManager] Loaded plugin: /ssd/ryanm/sofa/sofa/build/lib/libSofa.Component.Collision.Detection.Intersection.so
[INFO]    [PluginManager] Loaded plugin: /ssd/ryanm/sofa/sofa/build/lib/libSofa.Component.Collision.Detection.so
[INFO]    [PluginManager] Loaded plugin: /ssd/ryanm/sofa/sofa/build/lib/libSofa.Component.Collision.Response.Mapper.so
[INFO]    [PluginManager] Loaded plugin: /ssd/ryanm/sofa/sofa/build/lib/libSofa.Component.Collision.Response.Contact.so
[INFO]    [PluginManager] Loaded plugin: /ssd/ryanm/sofa/sofa/build/lib/libSofa.Component.Collision.Response.so
[INFO]    [PluginManager] Loaded plugin: /ssd/ryanm/sofa/sofa/build/lib/libSofa.Component.Collision.so
[INFO]    [PluginManager] Loaded plugin: /ssd/ryanm/sofa/sofa/build/lib/libSofa.Component.Setting.so
[INFO]    [PluginManager] Loaded plugin: /ssd/ryanm/sofa/sofa/build/lib/libSofa.Component.Controller.so
[INFO]    [PluginManager] Loaded plugin: /ssd/ryanm/sofa/sofa/build/lib/libSofa.Component.Engine.Analyze.so
[INFO]    [PluginManager] Loaded plugin: /ssd/ryanm/sofa/sofa/build/lib/libSofa.Component.Engine.Generate.so
[INFO]    [PluginManager] Loaded plugin: /ssd/ryanm/sofa/sofa/build/lib/libSofa.Component.Engine.Select.so
[INFO]    [PluginManager] Loaded plugin: /ssd/ryanm/sofa/sofa/build/lib/libSofa.Component.Engine.Transform.so
[INFO]    [PluginManager] Loaded plugin: /ssd/ryanm/sofa/sofa/build/lib/libSofa.Component.Engine.so
[INFO]    [PluginManager] Loaded plugin: /ssd/ryanm/sofa/sofa/build/lib/libSofa.Component.Haptics.so
[INFO]    [PluginManager] Loaded plugin: /ssd/ryanm/sofa/sofa/build/lib/libSofa.Component.so
[INFO]    [PluginManager] Loaded plugin: /ssd/ryanm/sofa/sofa/build/lib/libSofa.GL.Component.Rendering2D.so
[INFO]    [PluginManager] Loaded plugin: /ssd/ryanm/sofa/sofa/build/lib/libSofa.GL.Component.Rendering3D.so
[INFO]    [PluginManager] Loaded plugin: /ssd/ryanm/sofa/sofa/build/lib/libSofa.GL.Component.Engine.so
[INFO]    [PluginManager] Loaded plugin: /ssd/ryanm/sofa/sofa/build/lib/libSofa.GL.Component.Shader.so
[INFO]    [PluginManager] Loaded plugin: /ssd/ryanm/sofa/sofa/build/lib/libSofa.GL.Component.so
[INFO]    [PluginManager] Loaded plugin: /ssd/ryanm/sofa/sofa/build/lib/libSofa.GUI.Component.so
[INFO]    [PluginManager] Loaded plugin: /ssd/ryanm/sofa/sofa/build/lib/libSofa.GUI.Batch.so
[INFO]    [GUIManager] Registered qglviewer as a GUI.
[INFO]    [GUIManager] Registered qt as a GUI.
[INFO]    [PluginManager] Loaded plugin: /ssd/ryanm/sofa/sofa/build/lib/libSofa.Qt.so
[INFO]    [PluginManager] Loaded plugin: /ssd/ryanm/sofa/sofa/build/lib/libMultiThreading.so
[INFO]    [PluginManager] Loaded plugin: /ssd/ryanm/sofa/sofa/build/lib/libSTLIB.so
[INFO]    [SofaCUDA] C++ standard = 201703
[INFO]    [SofaCUDA] CUDA: 1 device(s) found.
[INFO]    [SofaCUDA] CUDA:  0 : "NVIDIA GeForce RTX 2080 SUPER", 6658/7783 MB, 384 cores at 1.815 GHz, revision 7.5
[INFO]    [SofaCUDA] , timeout enabled
[INFO]    [SofaCUDA] CUDA: Using device 0 : "NVIDIA GeForce RTX 2080 SUPER"
[INFO]    [PluginManager] Loaded plugin: /ssd/ryanm/sofa/sofa/build/lib/libSofaCUDA.so
[INFO]    [PluginManager] 71 plugins have been loaded from /ssd/ryanm/sofa/sofa/build/lib/plugin_list.conf
[INFO]    [SofaPluginManager] Loading automatically plugin list in /home/ryanm/.config/SOFA/config/loadedPlugins.ini
[INFO]    [PluginManager] Loaded plugin: /ssd/ryanm/sofa/sofa/build/lib/libShell.so.1.0
[INFO]    [PluginManager] Loaded plugin: /ssd/ryanm/sofa/sofa/build/lib/libSofaMJEDFEM.so
[INFO]    [PluginManager] 2 plugins have been loaded from /home/ryanm/.config/SOFA/config/loadedPlugins.ini

[squashSim] simulation: dt=0.0100 s (100.0 Hz nominal), contact friction mu=0.8
[squashSim] floor: 2.40 x 2.40 m, top y=-0.003 m
[SUGGESTION] [SparseLDLSolver(linearSolver)] Template is empty
By default SparseLDLSolver uses blocks with a single scalar (to handle all cases of simulations).
If you are using only 3D DOFs, you may consider using blocks of Matrix3 to speedup the calculations.
If it is the case, add template="CompressedRowSparseMatrixMat3x3d" to this object in your scene
Otherwise, if you want to disable this message, add template="CompressedRowSparseMatrixd" .
[squashSim] URDF: /home/ryanm/ur5_rg2_ign/urdf/ur5_rg2.urdf
[squashSim] articulated UR5+RG2: 9 rigid bodies, 8 revolute DOFs
[squashSim] geometry: DAE visuals + STL collisions
[squashSim] contact: moving robot links collide with floor
[squashSim] selected demo object: cable
[squashSim] flexible cable: length=1.00 m, diameter=0.050 m, mass=0.15 kg
[squashSim] cable mechanics: 31 BeamFEM frames at 0.0333 m spacing; grasp index=15
[squashSim] cable contact: one sphere layer in group 3; floor/robot collision enabled, self-collision disabled
[squashSim] contact recording: RG2 hand/two fingers and floor against the selected object
/ssd/ryanm/sofa/sofa-venv/lib/python3.12/site-packages/pygame/pkgdata.py:25: UserWarning: pkg_resources is deprecated as an API. See https://setuptools.pypa.io/en/latest/pkg_resources.html. The pkg_resources package is slated for removal as early as 2025-11-30. Refrain from using this package or pin to Setuptools<81.
  from pkg_resources import resource_stream, resource_exists
[squashSim] Xbox: left stick selects; triggers move; bumpers set speed; right stick orbits camera; A starts/stops recording
[INFO]    [SceneCheckerVisitor] Validating node "root" with checks: [SceneCheckCollisionResponse, SceneCheckDeprecatedComponents, SceneCheckDuplicatedName, SceneCheckEmptyNodeName, SceneCheckMissingRequiredPlugin, SceneCheckUsingAlias, SceneCheckMultithreading]
[INFO]    [SceneCheckerVisitor] Finished validating node "root".
[squashSim] Xbox input: Connected: X360 Controller
[squashSim] viewport video START: 15 fps
[squashSim] recording START: /ssd/ryanm/sofa/sofa/src/examples/Demos/squashSim/recordings/episode_20260914T213250_628169Z
[squashSim] viewport video not encoded: ffmpeg was not found; install it or set SQUASHSIM_FFMPEG
[squashSim] recording SAVED: /ssd/ryanm/sofa/sofa/src/examples/Demos/squashSim/recordings/episode_20260914T213250_628169Z
[squashSim] evidence: timestamped data, metadata/tables and SVG plots
[INFO]    [SofaPython3.Simulation] Sofa.Simulation unload()
[INFO]    [SofaPython3] Clearing Sofa.Core cache...
[INFO]    [SofaPython3.Core] Sofa.Core unload()
[INFO]    [SofaPython3.Helper] Sofa.Helper unload()
